Othello: 500 (40 seats)
Amount owed is 1730
You earned 47 credits
